@testuser (M) [2025-01-15]: Hello Investors!
                            This is my post with links.
└── @commenter (M) [2025-01-15]: This is a formatted comment.
                                 With multiple paragraphs.
