@testuser (M) [2025-01-15]: Hello Investors! This is my main post.
