@testuser (M) [2025-01-15]: Hello Investors! This is my main post.
├── @commenter (M) [2025-01-15]: Great post!
└── @commenter (M) [2025-01-15]: I agree completely.
