@Marcel (M) [2025-08-13]: Main post
└── @Pepa (M) [2025-08-13]: Level 1
    └── @Jana (F) [2025-08-13]: Level 2
        └── @Karel (M) [2025-08-13]: Level 3
            └── @Alena (F) [2025-08-13]: Level 4
                ├── @Petr (M) [2025-08-13]: Same level 1
                ├── @Marie (F) [2025-08-13]: Same level 2
                └── **Current content of post you must translate**
