@Marcel (M) [2025-08-13]: Main post content
└── **Current content of post you must translate**
