@Marcel (M) [2025-08-13]: Main post content
├── @Jana (F) [2025-08-13]: Next post
└── **Current content of post you must translate**
