@Marcel (M) [2025-08-13]: Main post content
└── @Pepa (M) [2025-08-13]: Nested post
    └── **Current content of post you must translate**
