@Marcel (M) [2025-08-13]: Main post content
└── @Pepa (M) [2025-08-13]: First nested post
    └── @Jana (F) [2025-08-13]: Second nested post
        └── **Current content of post you must translate**
