@Marcel (M) [2025-08-13]: Main post content
├── @Pepa (M) [2025-08-13]: Same level 1
├── @Jana (F) [2025-08-13]: Same level 2
└── **Current content of post you must translate**
