@Marcel (M) [2025-08-13]: Main post content
└── @Pepa (M) [2025-08-13]: Child post
    ├── @Jana (F) [2025-08-13]: First next post
    ├── @Karel (M) [2025-08-13]: Second next post
    └── **Current content of post you must translate**
